
Running 2 tests using 1 worker

(node:91063) Warning: The 'NO_COLOR' env is ignored due to the 'FORCE_COLOR' env being set.
(Use `node --trace-warnings ...` to show where the warning was created)
(node:91063) Warning: The 'NO_COLOR' env is ignored due to the 'FORCE_COLOR' env being set.
(Use `node --trace-warnings ...` to show where the warning was created)
  ✘  1 [chromium] › ../artifacts/review/qa-full/qa-b/repro/observatory-isolated.spec.ts:17:5 › QA-B-03 empty request selection must clear previous flow (18.3s)
(node:92147) Warning: The 'NO_COLOR' env is ignored due to the 'FORCE_COLOR' env being set.
(Use `node --trace-warnings ...` to show where the warning was created)
(node:92147) Warning: The 'NO_COLOR' env is ignored due to the 'FORCE_COLOR' env being set.
(Use `node --trace-warnings ...` to show where the warning was created)
  ✓  2 [chromium] › ../artifacts/review/qa-full/qa-b/repro/observatory-isolated.spec.ts:24:5 › fixture playback has no mutation and trace has duration version (2.6s)


  1) [chromium] › ../artifacts/review/qa-full/qa-b/repro/observatory-isolated.spec.ts:17:5 › QA-B-03 empty request selection must clear previous flow 

    Error: expect(locator).toHaveCount(expected) failed

    Locator:  locator('.obs-node')
    Expected: 0
    Received: 1
    Timeout:  15000ms

    Call log:
      - Expect "toHaveCount" locator('.obs-node') with timeout 15000ms
      - waiting for locator('.obs-node')
        33 × locator resolved to 1 element
           - unexpected value "1"


      20 |  await expect(page.getByRole('combobox',{name:'실행 선택',exact:true})).toBeDisabled();
      21 |  await page.screenshot({path:resolve('../artifacts/review/qa-full/qa-b/captures/stale-flow-isolated.png'),fullPage:true});
    > 22 |  await expect(page.locator('.obs-node')).toHaveCount(0);
         |                                          ^
      23 | });
      24 | test('fixture playback has no mutation and trace has duration version',async({page})=>{
      25 |  await fixture(page);await page.goto('/observatory?request_id=req_A&run_id=run_A');await expect(page.locator('.obs-node')).toHaveCount(1);
        at /Users/psw/Projects/decision-chat-bot/artifacts/review/qa-full/qa-b/repro/observatory-isolated.spec.ts:22:42

    attachment #1: screenshot (image/png) ──────────────────────────────────────────────────────────
    ../artifacts/review/qa-full/qa-b/isolated-results/observatory-isolated-QA-B--d81af-on-must-clear-previous-flow-chromium/test-failed-1.png
    ────────────────────────────────────────────────────────────────────────────────────────────────

    Error Context: ../artifacts/review/qa-full/qa-b/isolated-results/observatory-isolated-QA-B--d81af-on-must-clear-previous-flow-chromium/error-context.md

    attachment #3: trace (application/zip) ─────────────────────────────────────────────────────────
    ../artifacts/review/qa-full/qa-b/isolated-results/observatory-isolated-QA-B--d81af-on-must-clear-previous-flow-chromium/trace.zip
    Usage:

        npx playwright show-trace ../artifacts/review/qa-full/qa-b/isolated-results/observatory-isolated-QA-B--d81af-on-must-clear-previous-flow-chromium/trace.zip

    ────────────────────────────────────────────────────────────────────────────────────────────────

  1 failed
    [chromium] › ../artifacts/review/qa-full/qa-b/repro/observatory-isolated.spec.ts:17:5 › QA-B-03 empty request selection must clear previous flow 
  1 passed (27.1s)
