
Running 36 tests using 1 worker

(node:7814) Warning: The 'NO_COLOR' env is ignored due to the 'FORCE_COLOR' env being set.
(Use `node --trace-warnings ...` to show where the warning was created)
(node:7814) Warning: The 'NO_COLOR' env is ignored due to the 'FORCE_COLOR' env being set.
(Use `node --trace-warnings ...` to show where the warning was created)
  ✓   1 [chromium] › artifacts/review/completeness/scratch/suite/a11y/a11y.spec.ts:20:5 › login screen has no critical or serious axe violations (1.0s)
  ✓   2 [chromium] › artifacts/review/completeness/scratch/suite/a11y/a11y.spec.ts:28:5 › all primary application screens have no critical or serious axe violations (5.2s)
  ✓   3 [chromium] › artifacts/review/completeness/scratch/suite/a11y/a11y.spec.ts:48:5 › shell, status, primary color and touch target contracts are visible (625ms)
  ✓   4 [chromium] › artifacts/review/completeness/scratch/suite/a11y/a11y.spec.ts:77:5 › reduced motion and Safari mascot media preference are respected (676ms)
  ✓   5 [chromium] › artifacts/review/completeness/scratch/suite/responsive-overflow.spec.ts:29:9 › viewport 375px › Main with a selected result (6.9s)
  ✓   6 [chromium] › artifacts/review/completeness/scratch/suite/responsive-overflow.spec.ts:42:9 › viewport 375px › Review detail (2.9s)
  ✓   7 [chromium] › artifacts/review/completeness/scratch/suite/responsive-overflow.spec.ts:55:9 › viewport 375px › Monitoring (778ms)
  ✓   8 [chromium] › artifacts/review/completeness/scratch/suite/responsive-overflow.spec.ts:60:9 › viewport 375px › Learning with a selected candidate (684ms)
  ✓   9 [chromium] › artifacts/review/completeness/scratch/suite/responsive-overflow.spec.ts:69:9 › viewport 375px › Tasks with a selected task (681ms)
  ✓  10 [chromium] › artifacts/review/completeness/scratch/suite/responsive-overflow.spec.ts:78:9 › viewport 375px › Observatory with a selected request (5.4s)
  ✓  11 [chromium] › artifacts/review/completeness/scratch/suite/responsive-overflow.spec.ts:86:9 › viewport 375px › JudgmentMap (3.2s)
  ✓  12 [chromium] › artifacts/review/completeness/scratch/suite/responsive-overflow.spec.ts:29:9 › viewport 520px › Main with a selected result (6.9s)
  ✓  13 [chromium] › artifacts/review/completeness/scratch/suite/responsive-overflow.spec.ts:42:9 › viewport 520px › Review detail (2.3s)
  ✓  14 [chromium] › artifacts/review/completeness/scratch/suite/responsive-overflow.spec.ts:55:9 › viewport 520px › Monitoring (751ms)
  ✓  15 [chromium] › artifacts/review/completeness/scratch/suite/responsive-overflow.spec.ts:60:9 › viewport 520px › Learning with a selected candidate (630ms)
  ✓  16 [chromium] › artifacts/review/completeness/scratch/suite/responsive-overflow.spec.ts:69:9 › viewport 520px › Tasks with a selected task (714ms)
  ✓  17 [chromium] › artifacts/review/completeness/scratch/suite/responsive-overflow.spec.ts:78:9 › viewport 520px › Observatory with a selected request (5.4s)
  ✓  18 [chromium] › artifacts/review/completeness/scratch/suite/responsive-overflow.spec.ts:86:9 › viewport 520px › JudgmentMap (3.0s)
(node:11809) Warning: The 'NO_COLOR' env is ignored due to the 'FORCE_COLOR' env being set.
(Use `node --trace-warnings ...` to show where the warning was created)
(node:11809) Warning: The 'NO_COLOR' env is ignored due to the 'FORCE_COLOR' env being set.
(Use `node --trace-warnings ...` to show where the warning was created)
  ✓  19 [webkit] › artifacts/review/completeness/scratch/suite/a11y/a11y.spec.ts:20:5 › login screen has no critical or serious axe violations (1.7s)
  ✓  20 [webkit] › artifacts/review/completeness/scratch/suite/a11y/a11y.spec.ts:28:5 › all primary application screens have no critical or serious axe violations (8.4s)
  ✓  21 [webkit] › artifacts/review/completeness/scratch/suite/a11y/a11y.spec.ts:48:5 › shell, status, primary color and touch target contracts are visible (952ms)
  ✓  22 [webkit] › artifacts/review/completeness/scratch/suite/a11y/a11y.spec.ts:77:5 › reduced motion and Safari mascot media preference are respected (925ms)
  ✓  23 [webkit] › artifacts/review/completeness/scratch/suite/responsive-overflow.spec.ts:29:9 › viewport 375px › Main with a selected result (7.7s)
  ✓  24 [webkit] › artifacts/review/completeness/scratch/suite/responsive-overflow.spec.ts:42:9 › viewport 375px › Review detail (2.7s)
  ✓  25 [webkit] › artifacts/review/completeness/scratch/suite/responsive-overflow.spec.ts:55:9 › viewport 375px › Monitoring (1.0s)
  ✓  26 [webkit] › artifacts/review/completeness/scratch/suite/responsive-overflow.spec.ts:60:9 › viewport 375px › Learning with a selected candidate (929ms)
  ✓  27 [webkit] › artifacts/review/completeness/scratch/suite/responsive-overflow.spec.ts:69:9 › viewport 375px › Tasks with a selected task (1.0s)
  ✓  28 [webkit] › artifacts/review/completeness/scratch/suite/responsive-overflow.spec.ts:78:9 › viewport 375px › Observatory with a selected request (5.9s)
  ✓  29 [webkit] › artifacts/review/completeness/scratch/suite/responsive-overflow.spec.ts:86:9 › viewport 375px › JudgmentMap (3.8s)
  ✓  30 [webkit] › artifacts/review/completeness/scratch/suite/responsive-overflow.spec.ts:29:9 › viewport 520px › Main with a selected result (8.5s)
  ✓  31 [webkit] › artifacts/review/completeness/scratch/suite/responsive-overflow.spec.ts:42:9 › viewport 520px › Review detail (5.9s)
  ✓  32 [webkit] › artifacts/review/completeness/scratch/suite/responsive-overflow.spec.ts:55:9 › viewport 520px › Monitoring (1.8s)
  ✓  33 [webkit] › artifacts/review/completeness/scratch/suite/responsive-overflow.spec.ts:60:9 › viewport 520px › Learning with a selected candidate (1.6s)
  ✓  34 [webkit] › artifacts/review/completeness/scratch/suite/responsive-overflow.spec.ts:69:9 › viewport 520px › Tasks with a selected task (2.1s)
  ✓  35 [webkit] › artifacts/review/completeness/scratch/suite/responsive-overflow.spec.ts:78:9 › viewport 520px › Observatory with a selected request (6.9s)
  ✓  36 [webkit] › artifacts/review/completeness/scratch/suite/responsive-overflow.spec.ts:86:9 › viewport 520px › JudgmentMap (4.7s)

  36 passed (1.9m)
