
Running 16 tests using 1 worker

(node:3809) Warning: The 'NO_COLOR' env is ignored due to the 'FORCE_COLOR' env being set.
(Use `node --trace-warnings ...` to show where the warning was created)
(node:3809) Warning: The 'NO_COLOR' env is ignored due to the 'FORCE_COLOR' env being set.
(Use `node --trace-warnings ...` to show where the warning was created)
  ✘   1 [chromium] › ../artifacts/review/completeness/scratch/suite/evaluation-labels.spec.ts:12:5 › labeler confirms three, defers one, and sees a reviewer disagreement (2.1s)
(node:3904) Warning: The 'NO_COLOR' env is ignored due to the 'FORCE_COLOR' env being set.
(Use `node --trace-warnings ...` to show where the warning was created)
(node:3904) Warning: The 'NO_COLOR' env is ignored due to the 'FORCE_COLOR' env being set.
(Use `node --trace-warnings ...` to show where the warning was created)
  ✓   2 [chromium] › ../artifacts/review/completeness/scratch/suite/evaluation-labels.spec.ts:71:5 › final split hides predictions; the screen has no JSON text inputs and does not overflow at 375px (814ms)
  ✓   3 [chromium] › ../artifacts/review/completeness/scratch/suite/monitoring.spec.ts:3:5 › operator monitoring screen matches a real API aggregate (618ms)
  ✓   4 [chromium] › ../artifacts/review/completeness/scratch/suite/policy.spec.ts:3:5 › validate, publish, inspect history, and rollback policy on live API (1.5s)
  ✓   5 [chromium] › ../artifacts/review/completeness/scratch/suite/screens-ui.spec.ts:8:5 › 모니터링: 기간을 한국어 형식 입력으로 바꾸고 적용하면 해당 범위로 다시 조회한다 (951ms)
  ✓   6 [chromium] › ../artifacts/review/completeness/scratch/suite/screens-ui.spec.ts:26:5 › 실행 관찰: 요청을 검색해 고르면 실행 목록이 따라온다 (587ms)
  ✓   7 [chromium] › ../artifacts/review/completeness/scratch/suite/screens-ui.spec.ts:41:5 › 검토 대기·업무: 필터는 공용 선택 구성요소이고 빈 목록은 안내 카드를 보여 준다 (816ms)
  ✓   8 [chromium] › ../artifacts/review/completeness/scratch/suite/webmcp.spec.ts:3:5 › application remains usable with or without WebMCP support (321ms)
(node:4219) Warning: The 'NO_COLOR' env is ignored due to the 'FORCE_COLOR' env being set.
(Use `node --trace-warnings ...` to show where the warning was created)
(node:4219) Warning: The 'NO_COLOR' env is ignored due to the 'FORCE_COLOR' env being set.
(Use `node --trace-warnings ...` to show where the warning was created)
  ✘   9 [webkit] › ../artifacts/review/completeness/scratch/suite/evaluation-labels.spec.ts:12:5 › labeler confirms three, defers one, and sees a reviewer disagreement (4.4s)
(node:4553) Warning: The 'NO_COLOR' env is ignored due to the 'FORCE_COLOR' env being set.
(Use `node --trace-warnings ...` to show where the warning was created)
(node:4553) Warning: The 'NO_COLOR' env is ignored due to the 'FORCE_COLOR' env being set.
(Use `node --trace-warnings ...` to show where the warning was created)
  ✓  10 [webkit] › ../artifacts/review/completeness/scratch/suite/evaluation-labels.spec.ts:71:5 › final split hides predictions; the screen has no JSON text inputs and does not overflow at 375px (2.1s)
  ✓  11 [webkit] › ../artifacts/review/completeness/scratch/suite/monitoring.spec.ts:3:5 › operator monitoring screen matches a real API aggregate (1.1s)
  ✓  12 [webkit] › ../artifacts/review/completeness/scratch/suite/policy.spec.ts:3:5 › validate, publish, inspect history, and rollback policy on live API (3.1s)
  ✓  13 [webkit] › ../artifacts/review/completeness/scratch/suite/screens-ui.spec.ts:8:5 › 모니터링: 기간을 한국어 형식 입력으로 바꾸고 적용하면 해당 범위로 다시 조회한다 (1.7s)
  ✓  14 [webkit] › ../artifacts/review/completeness/scratch/suite/screens-ui.spec.ts:26:5 › 실행 관찰: 요청을 검색해 고르면 실행 목록이 따라온다 (1.1s)
  ✓  15 [webkit] › ../artifacts/review/completeness/scratch/suite/screens-ui.spec.ts:41:5 › 검토 대기·업무: 필터는 공용 선택 구성요소이고 빈 목록은 안내 카드를 보여 준다 (1.7s)
  ✓  16 [webkit] › ../artifacts/review/completeness/scratch/suite/webmcp.spec.ts:3:5 › application remains usable with or without WebMCP support (764ms)


  1) [chromium] › ../artifacts/review/completeness/scratch/suite/evaluation-labels.spec.ts:12:5 › labeler confirms three, defers one, and sees a reviewer disagreement 

    Error: expect(received).toBeGreaterThanOrEqual(expected)

    Expected: >= 3
    Received:    2

      62 |   const progress = await page.request.get('/api/evaluation/candidates?split=tuning');
      63 |   const item = (await progress.json()).progress;
    > 64 |   expect(item.confirmed).toBeGreaterThanOrEqual(3);
         |                          ^
      65 |   expect(item.deferred).toBeGreaterThanOrEqual(1);
      66 |   // Saved values keep the API format: strings for choices, arrays for teams and risks.
      67 |   const saved = (await (await page.request.get('/api/evaluation/candidates?split=tuning')).json()).candidates[1].my_labels.labels;
        at /Users/psw/Projects/decision-chat-bot/artifacts/review/completeness/scratch/suite/evaluation-labels.spec.ts:64:26

    attachment #1: screenshot (image/png) ──────────────────────────────────────────────────────────
    ../artifacts/review/completeness/e2e/results/evaluation-labels-labeler--04427-ees-a-reviewer-disagreement-chromium/test-failed-1.png
    ────────────────────────────────────────────────────────────────────────────────────────────────

    Error Context: ../artifacts/review/completeness/e2e/results/evaluation-labels-labeler--04427-ees-a-reviewer-disagreement-chromium/error-context.md

  2) [webkit] › ../artifacts/review/completeness/scratch/suite/evaluation-labels.spec.ts:12:5 › labeler confirms three, defers one, and sees a reviewer disagreement 

    Error: expect(received).toBeGreaterThanOrEqual(expected)

    Expected: >= 3
    Received:    2

      62 |   const progress = await page.request.get('/api/evaluation/candidates?split=tuning');
      63 |   const item = (await progress.json()).progress;
    > 64 |   expect(item.confirmed).toBeGreaterThanOrEqual(3);
         |                          ^
      65 |   expect(item.deferred).toBeGreaterThanOrEqual(1);
      66 |   // Saved values keep the API format: strings for choices, arrays for teams and risks.
      67 |   const saved = (await (await page.request.get('/api/evaluation/candidates?split=tuning')).json()).candidates[1].my_labels.labels;
        at /Users/psw/Projects/decision-chat-bot/artifacts/review/completeness/scratch/suite/evaluation-labels.spec.ts:64:26

    attachment #1: screenshot (image/png) ──────────────────────────────────────────────────────────
    ../artifacts/review/completeness/e2e/results/evaluation-labels-labeler--04427-ees-a-reviewer-disagreement-webkit/test-failed-1.png
    ────────────────────────────────────────────────────────────────────────────────────────────────

    Error Context: ../artifacts/review/completeness/e2e/results/evaluation-labels-labeler--04427-ees-a-reviewer-disagreement-webkit/error-context.md

  2 failed
    [chromium] › ../artifacts/review/completeness/scratch/suite/evaluation-labels.spec.ts:12:5 › labeler confirms three, defers one, and sees a reviewer disagreement 
    [webkit] › ../artifacts/review/completeness/scratch/suite/evaluation-labels.spec.ts:12:5 › labeler confirms three, defers one, and sees a reviewer disagreement 
  14 passed (29.3s)
