{"id": "alert_f39d00a16d524a5da13be152b78020ab", "kind": "api_stopped", "ts": "2026-10-05T09:31:36.388313+00:00", "detail": {"last_seen": "2026-10-05T09:31:34.008125+00:00"}}
{"id": "alert_0f314c050e5f4450b8a9ae2b455a09b3", "kind": "api_stopped", "ts": "2026-10-05T09:31:41.023359+00:00", "detail": {"last_seen": "2026-10-05T09:31:39.011185+00:00"}}
{"id": "alert_2a08120ffdcf437db31a4080e586fde1", "kind": "api_stopped", "ts": "2026-10-05T09:31:46.166695+00:00", "detail": {"last_seen": "2026-10-05T09:31:44.014980+00:00"}}
{"id": "alert_3362de165ce04008855e6f2fca177814", "kind": "api_stopped", "ts": "2026-10-05T09:31:51.340801+00:00", "detail": {"last_seen": "2026-10-05T09:31:49.021250+00:00"}}
{"id": "alert_05802c3c90f24007a560f1326a3ac23f", "kind": "api_stopped", "ts": "2026-10-05T09:31:56.537289+00:00", "detail": {"last_seen": "2026-10-05T09:31:54.023840+00:00"}}
{"id": "alert_5b7f339d2d6148168e78db5605a5c12a", "kind": "api_stopped", "ts": "2026-10-05T09:32:01.283679+00:00", "detail": {"last_seen": "2026-10-05T09:31:59.028921+00:00"}}
{"id": "alert_5ae8160e21164cb09d45b5ac75a44cdd", "kind": "worker_stopped", "ts": "2026-10-05T09:32:01.802441+00:00", "detail": {"last_seen": "2026-10-05T09:31:59.556779+00:00"}}
{"id": "alert_a9a3ea07ad014cc594606204fd514fc8", "kind": "api_stopped", "ts": "2026-10-05T09:32:06.507824+00:00", "detail": {"last_seen": "2026-10-05T09:32:04.033032+00:00"}}
{"id": "alert_56619f80b1754b60b900df06550ecfb9", "kind": "worker_stopped", "ts": "2026-10-05T09:32:07.034193+00:00", "detail": {"last_seen": "2026-10-05T09:32:04.759447+00:00"}}
{"id": "alert_aa02d0bc05dd48808b18dafdce36d7cd", "kind": "api_stopped", "ts": "2026-10-05T09:32:11.189463+00:00", "detail": {"last_seen": "2026-10-05T09:32:09.038407+00:00"}}
{"id": "alert_e6cce400ae1d4ef7a9c0bbfcbb0ab878", "kind": "worker_stopped", "ts": "2026-10-05T09:32:12.224108+00:00", "detail": {"last_seen": "2026-10-05T09:32:09.771858+00:00"}}
{"id": "alert_135f9b0bd7f6426a9ed79088b1e620ab", "kind": "api_stopped", "ts": "2026-10-05T09:32:16.358710+00:00", "detail": {"last_seen": "2026-10-05T09:32:14.046922+00:00"}}
{"id": "alert_d784598eaf1542d586c83af5bc040448", "kind": "api_stopped", "ts": "2026-10-05T09:32:21.542308+00:00", "detail": {"last_seen": "2026-10-05T09:32:19.050422+00:00"}}
{"id": "alert_5af7f60e0dab4f15b0c80e2571d2ce11", "kind": "worker_stopped", "ts": "2026-10-05T09:32:23.097296+00:00", "detail": {"last_seen": "2026-10-05T09:32:20.928101+00:00"}}
{"id": "alert_dbbe2f34a05c4db187a30b6f924736d1", "kind": "api_stopped", "ts": "2026-10-05T09:32:27.792454+00:00", "detail": {"last_seen": "2026-10-05T09:32:25.549052+00:00"}}
{"id": "alert_33f9b3a62b414ca2b703fd1298cdadce", "kind": "api_stopped", "ts": "2026-10-05T09:32:31.473299+00:00", "detail": {"last_seen": "2026-10-05T09:32:29.061340+00:00"}}
{"id": "alert_452b6ee9d31d44d3b74ee76c27e10f9b", "kind": "api_stopped", "ts": "2026-10-05T09:32:36.655344+00:00", "detail": {"last_seen": "2026-10-05T09:32:34.165997+00:00"}}
{"id": "alert_a50ab0435d794882a2152c80e7300855", "kind": "worker_stopped", "ts": "2026-10-05T09:32:38.233476+00:00", "detail": {"last_seen": "2026-10-05T09:32:35.924528+00:00"}}
{"id": "alert_ce531b418e40480a91a8000968ec9ae0", "kind": "api_stopped", "ts": "2026-10-05T09:32:41.351142+00:00", "detail": {"last_seen": "2026-10-05T09:32:39.069868+00:00"}}
{"id": "alert_df3a2e25f81c4083987663d7c3b70c78", "kind": "repeated_failures", "ts": "2026-10-05T09:32:42.899908+00:00", "detail": {"count": 3}}
{"id": "alert_2f4557c9d81e4eaa898586ceb244e0ee", "kind": "repeated_failures", "ts": "2026-10-05T09:32:44.472350+00:00", "detail": {"count": 4}}
{"id": "alert_973f08a6ff3943f7a24a20c8348c9a94", "kind": "api_stopped", "ts": "2026-10-05T09:32:46.580817+00:00", "detail": {"last_seen": "2026-10-05T09:32:44.076766+00:00"}}
{"id": "alert_714cfb12639d4b4984defb3ad90fb8f4", "kind": "repeated_failures", "ts": "2026-10-05T09:32:47.109168+00:00", "detail": {"count": 5}}
{"id": "alert_747f79f571cd4105a5c04291ecc206f3", "kind": "repeated_failures", "ts": "2026-10-05T09:32:48.156279+00:00", "detail": {"count": 6}}
{"id": "alert_a30f0987e06a448a8fbc4c8afbdc6429", "kind": "repeated_failures", "ts": "2026-10-05T09:32:49.184040+00:00", "detail": {"count": 7}}
{"id": "alert_da207a77376c4629a1cc4ea344e14d64", "kind": "repeated_failures", "ts": "2026-10-05T09:32:50.221431+00:00", "detail": {"count": 8}}
{"id": "alert_5d718f78a5e241779b165eb0f0a6ac8c", "kind": "api_stopped", "ts": "2026-10-05T09:32:51.267500+00:00", "detail": {"last_seen": "2026-10-05T09:32:49.081748+00:00"}}
{"id": "alert_6ef897b6485e4f83a85dfa7cf8aba911", "kind": "worker_stopped", "ts": "2026-10-05T09:32:52.307393+00:00", "detail": {"last_seen": "2026-10-05T09:32:49.942940+00:00"}}
{"id": "alert_d51e0cd7c354470194f8220fcb9e5706", "kind": "api_stopped", "ts": "2026-10-05T09:32:56.433171+00:00", "detail": {"last_seen": "2026-10-05T09:32:54.085202+00:00"}}
{"id": "alert_cab5c20fd625481781906ce73ce91930", "kind": "repeated_failures", "ts": "2026-10-05T09:32:59.058337+00:00", "detail": {"count": 9}}
{"id": "alert_a0213a3c948b4cf189615e538a3de704", "kind": "api_stopped", "ts": "2026-10-05T09:33:01.124933+00:00", "detail": {"last_seen": "2026-10-05T09:32:59.089829+00:00"}}
{"id": "alert_dafae53aa46743768183906391bd26fc", "kind": "worker_stopped", "ts": "2026-10-05T09:33:02.680624+00:00", "detail": {"last_seen": "2026-10-05T09:33:00.192571+00:00"}}
{"id": "alert_969cd068f9cc4389ba302892cc0cf263", "kind": "api_stopped", "ts": "2026-10-05T09:33:07.917221+00:00", "detail": {"last_seen": "2026-10-05T09:33:05.535510+00:00"}}
{"id": "alert_028a4eb70c294e93b8ad76d34b87dde7", "kind": "repeated_failures", "ts": "2026-10-05T09:33:10.013957+00:00", "detail": {"count": 10}}
{"id": "alert_d074eec3b2c349708628c1009a111aa2", "kind": "api_stopped", "ts": "2026-10-05T09:33:11.573389+00:00", "detail": {"last_seen": "2026-10-05T09:33:09.098335+00:00"}}
{"id": "alert_e535c53611304f70ad14e6ae63b0bb05", "kind": "repeated_failures", "ts": "2026-10-05T09:33:13.124713+00:00", "detail": {"count": 11}}
{"id": "alert_719846e937234af0bc605f63f92b37e5", "kind": "worker_stopped", "ts": "2026-10-05T09:33:15.765500+00:00", "detail": {"last_seen": "2026-10-05T09:33:13.296730+00:00"}}
{"id": "alert_e004d9df41b042f889821c01eefb04a9", "kind": "api_stopped", "ts": "2026-10-05T09:33:17.329026+00:00", "detail": {"last_seen": "2026-10-05T09:33:15.254499+00:00"}}
{"id": "alert_c0d2c9f054e845eaba2bc5fbc1ca8854", "kind": "api_stopped", "ts": "2026-10-05T09:33:21.485504+00:00", "detail": {"last_seen": "2026-10-05T09:33:19.425259+00:00"}}
{"id": "alert_5a48d2724929400ea0bac35e11c98917", "kind": "api_stopped", "ts": "2026-10-05T09:33:26.158834+00:00", "detail": {"last_seen": "2026-10-05T09:33:24.110661+00:00"}}
{"id": "alert_dedc04418619480e83852acf31a87985", "kind": "repeated_failures", "ts": "2026-10-05T09:33:28.254788+00:00", "detail": {"count": 12}}
{"id": "alert_fcc353fcb31a437b94ebb37d8f388f0f", "kind": "api_stopped", "ts": "2026-10-05T09:33:36.615017+00:00", "detail": {"last_seen": "2026-10-05T09:33:34.119667+00:00"}}
{"id": "alert_e51e9ca565234910acb58251eb4751bb", "kind": "worker_stopped", "ts": "2026-10-05T09:33:38.173630+00:00", "detail": {"last_seen": "2026-10-05T09:33:35.907425+00:00"}}
{"id": "alert_3a084e51067541939e6388bb48fbf991", "kind": "api_stopped", "ts": "2026-10-05T09:33:41.306030+00:00", "detail": {"last_seen": "2026-10-05T09:33:39.125087+00:00"}}
{"id": "alert_98d76fc7d6f64b5cb6a75ef6a2e6bb80", "kind": "repeated_failures", "ts": "2026-10-05T09:33:41.828455+00:00", "detail": {"count": 13}}
{"id": "alert_230ca17906fb4ec594cd453307cf57f0", "kind": "worker_stopped", "ts": "2026-10-05T09:33:45.983895+00:00", "detail": {"last_seen": "2026-10-05T09:33:43.941285+00:00"}}
{"id": "alert_044758526e43407cbcda271c2289c338", "kind": "api_stopped", "ts": "2026-10-05T09:33:46.509147+00:00", "detail": {"last_seen": "2026-10-05T09:33:44.129379+00:00"}}
{"id": "alert_7b6c8ffe05b34e91aed717dd9fb6c983", "kind": "api_stopped", "ts": "2026-10-05T09:33:51.181355+00:00", "detail": {"last_seen": "2026-10-05T09:33:49.135135+00:00"}}
{"id": "alert_51f93bfae8f0444b9838b7a5e4bad098", "kind": "worker_stopped", "ts": "2026-10-05T09:33:54.806067+00:00", "detail": {"last_seen": "2026-10-05T09:33:52.490625+00:00"}}
{"id": "alert_c16fe160cf02453aba76bb162f481ea7", "kind": "repeated_failures", "ts": "2026-10-05T09:33:55.842396+00:00", "detail": {"count": 15}}
{"id": "alert_665ebf2786054db7b4174f4fddba0ad5", "kind": "api_stopped", "ts": "2026-10-05T09:33:56.357270+00:00", "detail": {"last_seen": "2026-10-05T09:33:54.139009+00:00"}}
{"id": "alert_20e625d468154185b102296c8ae5eac3", "kind": "repeated_failures", "ts": "2026-10-05T09:33:57.399422+00:00", "detail": {"count": 16}}
{"id": "alert_c8610f48eb9e4581a72aaa0cc3ff1207", "kind": "repeated_failures", "ts": "2026-10-05T09:33:59.995597+00:00", "detail": {"count": 18}}
{"id": "alert_432f025c3b944256ade937202aa88313", "kind": "api_stopped", "ts": "2026-10-05T09:34:01.546909+00:00", "detail": {"last_seen": "2026-10-05T09:33:59.143534+00:00"}}
{"id": "alert_7fab5f12e3e54db6a2a99048206f8e70", "kind": "worker_stopped", "ts": "2026-10-05T09:34:01.548410+00:00", "detail": {"last_seen": "2026-10-05T09:33:59.404374+00:00"}}
{"id": "alert_0850bcd16e474c6496e68cb576cb1bdd", "kind": "worker_stopped", "ts": "2026-10-05T09:34:06.740045+00:00", "detail": {"last_seen": "2026-10-05T09:34:04.353956+00:00"}}
{"id": "alert_4a1bc8d431674934a38d65627e889036", "kind": "api_stopped", "ts": "2026-10-05T09:34:08.308800+00:00", "detail": {"last_seen": "2026-10-05T09:34:05.814614+00:00"}}
{"id": "alert_73678dd0365846b4a1629232c9c0131f", "kind": "api_stopped", "ts": "2026-10-05T09:34:11.423760+00:00", "detail": {"last_seen": "2026-10-05T09:34:09.300504+00:00"}}
{"id": "alert_07be3facf9884d2dac6b9b804e7a3dba", "kind": "api_stopped", "ts": "2026-10-05T09:34:16.628962+00:00", "detail": {"last_seen": "2026-10-05T09:34:14.305625+00:00"}}
{"id": "alert_7495d0120fc541cab3d6ad383d54ab49", "kind": "worker_stopped", "ts": "2026-10-05T09:34:19.748796+00:00", "detail": {"last_seen": "2026-10-05T09:34:17.314275+00:00"}}
{"id": "alert_2d94ec42eed34390a98bdce656c1a8b5", "kind": "api_stopped", "ts": "2026-10-05T09:34:21.848201+00:00", "detail": {"last_seen": "2026-10-05T09:34:19.769688+00:00"}}
{"id": "alert_0c5f0d9f44a1421283cc8a908b55ee5e", "kind": "worker_stopped", "ts": "2026-10-05T09:34:24.450727+00:00", "detail": {"last_seen": "2026-10-05T09:34:22.232018+00:00"}}
{"id": "alert_e7a8adc0361047a9849342e6929a0c5e", "kind": "api_stopped", "ts": "2026-10-05T09:34:26.532546+00:00", "detail": {"last_seen": "2026-10-05T09:34:24.309624+00:00"}}
{"id": "alert_149d8ced64ba4bd9941c84d7ac3e9c81", "kind": "api_stopped", "ts": "2026-10-05T09:34:31.764866+00:00", "detail": {"last_seen": "2026-10-05T09:34:29.313649+00:00"}}
{"id": "alert_d647bcfa4670415e93958f7e82cd98bb", "kind": "api_stopped", "ts": "2026-10-05T09:34:36.983461+00:00", "detail": {"last_seen": "2026-10-05T09:34:34.919839+00:00"}}
{"id": "alert_a7ad4f99fef24b19bdd0aff87e6f524a", "kind": "worker_stopped", "ts": "2026-10-05T09:34:37.512582+00:00", "detail": {"last_seen": "2026-10-05T09:34:35.004732+00:00"}}
{"id": "alert_e1fb4c05b20b41b9bb9f92b008a41b51", "kind": "worker_stopped", "ts": "2026-10-05T09:34:43.247391+00:00", "detail": {"last_seen": "2026-10-05T09:34:41.067507+00:00"}}
{"id": "alert_efa3464f7ec64ee0bf8d1c87447edf22", "kind": "api_stopped", "ts": "2026-10-05T09:34:44.296289+00:00", "detail": {"last_seen": "2026-10-05T09:34:41.973508+00:00"}}
{"id": "alert_03fbacf914aa46f9813fdc121d1d0cc7", "kind": "api_stopped", "ts": "2026-10-05T09:34:46.379155+00:00", "detail": {"last_seen": "2026-10-05T09:34:44.322478+00:00"}}
{"id": "alert_08304db5cad64bf7bcec3c52f51a02ca", "kind": "worker_stopped", "ts": "2026-10-05T09:34:49.496479+00:00", "detail": {"last_seen": "2026-10-05T09:34:47.086052+00:00"}}
{"id": "alert_d3a11adb0aa34c31920c4272dca52711", "kind": "api_stopped", "ts": "2026-10-05T09:34:51.588672+00:00", "detail": {"last_seen": "2026-10-05T09:34:49.428543+00:00"}}
{"id": "alert_a5e26bdd9238428a8b8acf9344cb69f6", "kind": "api_stopped", "ts": "2026-10-05T09:34:56.829870+00:00", "detail": {"last_seen": "2026-10-05T09:34:54.328656+00:00"}}
{"id": "alert_4c5ba9409f494153a545dad2c74fb6e2", "kind": "worker_stopped", "ts": "2026-10-05T09:34:58.399733+00:00", "detail": {"last_seen": "2026-10-05T09:34:56.076184+00:00"}}
{"id": "alert_7f3273a80c0b476b97cb57753d3399ef", "kind": "api_stopped", "ts": "2026-10-05T09:35:01.522056+00:00", "detail": {"last_seen": "2026-10-05T09:34:59.333144+00:00"}}
{"id": "alert_27703310a410469882842bf7515e9148", "kind": "collector_stopped", "ts": "2026-10-05T09:35:02.046668+00:00", "detail": {"last_collected_at": "2026-10-05T09:35:00.038494+00:00"}}
{"id": "alert_94e7c3bc86474a0c8513330b7b9c1d71", "kind": "journal_write_failure", "ts": "2026-10-05T09:35:02.572349+00:00", "detail": {"producer": "api", "count": 2, "counter_reset": false}}
{"id": "alert_1db4470d61724d60bbd412ea58217081", "kind": "journal_write_failure", "ts": "2026-10-05T09:35:03.088638+00:00", "detail": {"producer": "api", "count": 3, "counter_reset": false}}
{"id": "alert_b522764ce7084565b21fb8e2377a0f26", "kind": "api_stopped", "ts": "2026-10-05T09:35:08.356145+00:00", "detail": {"last_seen": "2026-10-05T09:35:06.098016+00:00"}}
{"id": "alert_b34bd8b9f56c4750ac0adc4d3ce1e5d2", "kind": "api_stopped", "ts": "2026-10-05T09:35:11.523577+00:00", "detail": {"last_seen": "2026-10-05T09:35:09.340154+00:00"}}
{"id": "alert_71f25478151448b4b70eeb91f1ba00f6", "kind": "fast_judgment_budget_burn", "ts": "2026-10-05T09:35:15.231880+00:00", "detail": {"burn_rate_1h": 30.77}}
{"id": "alert_a89d7de665da46bf9f918249d13e73f9", "kind": "worker_stopped", "ts": "2026-10-05T09:35:16.805532+00:00", "detail": {"last_seen": "2026-10-05T09:35:14.758440+00:00"}}
{"id": "alert_28bfbf26c9754a5b8afde793cded2b34", "kind": "api_stopped", "ts": "2026-10-05T09:35:18.891557+00:00", "detail": {"last_seen": "2026-10-05T09:35:16.558626+00:00"}}
{"id": "alert_1a2997e426e9430095a167138950bb3c", "kind": "repeated_failures", "ts": "2026-10-05T09:35:18.907051+00:00", "detail": {"count": 19}}
{"id": "alert_bd88c5dc6c6047e8acb4e1c292cb27ac", "kind": "api_stopped", "ts": "2026-10-05T09:35:21.532859+00:00", "detail": {"last_seen": "2026-10-05T09:35:19.347779+00:00"}}
{"id": "alert_fd0dcc2a2b38464bb7c17c93d43d3c6d", "kind": "worker_stopped", "ts": "2026-10-05T09:35:21.533464+00:00", "detail": {"last_seen": "2026-10-05T09:35:19.137964+00:00"}}
{"id": "alert_b5991c202efd4409b85249fddbc88b44", "kind": "api_stopped", "ts": "2026-10-05T09:35:26.823116+00:00", "detail": {"last_seen": "2026-10-05T09:35:24.351525+00:00"}}
{"id": "alert_512f590b01aa46b0bdebbc56b3aa394c", "kind": "api_stopped", "ts": "2026-10-05T09:35:31.570309+00:00", "detail": {"last_seen": "2026-10-05T09:35:29.359714+00:00"}}
{"id": "alert_7734e91c144e434a855fe426841c2715", "kind": "api_stopped", "ts": "2026-10-05T09:35:36.859938+00:00", "detail": {"last_seen": "2026-10-05T09:35:34.363984+00:00"}}
{"id": "alert_bc6642be2b0242fe9549b9677a453edc", "kind": "api_stopped", "ts": "2026-10-05T09:35:41.584564+00:00", "detail": {"last_seen": "2026-10-05T09:35:39.367835+00:00"}}
{"id": "alert_54d943ea57f346e29758222112720b58", "kind": "api_stopped", "ts": "2026-10-05T09:35:46.855234+00:00", "detail": {"last_seen": "2026-10-05T09:35:44.371913+00:00"}}
{"id": "alert_51059522a590499088476631830e106d", "kind": "api_stopped", "ts": "2026-10-05T09:35:51.587558+00:00", "detail": {"last_seen": "2026-10-05T09:35:49.374395+00:00"}}
{"id": "alert_e5f99a49849948b8a7c28263ef736e4e", "kind": "api_stopped", "ts": "2026-10-05T09:35:56.859122+00:00", "detail": {"last_seen": "2026-10-05T09:35:54.379944+00:00"}}
{"id": "alert_4c75a733be9747e2bc7f106f6a298445", "kind": "api_stopped", "ts": "2026-10-05T09:36:01.572632+00:00", "detail": {"last_seen": "2026-10-05T09:35:59.383540+00:00"}}
{"id": "alert_98f645472adb48a0913c18c7ee25507e", "kind": "api_stopped", "ts": "2026-10-05T09:36:06.855730+00:00", "detail": {"last_seen": "2026-10-05T09:36:04.385509+00:00"}}
{"id": "alert_0fa215172d234b84b035c0bf86811e33", "kind": "api_stopped", "ts": "2026-10-05T09:36:11.660769+00:00", "detail": {"last_seen": "2026-10-05T09:36:09.389142+00:00"}}
{"id": "alert_73e909a5629946708b0b32f9f11f53eb", "kind": "api_stopped", "ts": "2026-10-05T09:36:16.421872+00:00", "detail": {"last_seen": "2026-10-05T09:36:14.391647+00:00"}}
{"id": "alert_2fde90c5d8314ff08f4f975f1775bd0f", "kind": "api_stopped", "ts": "2026-10-05T09:36:21.688888+00:00", "detail": {"last_seen": "2026-10-05T09:36:19.393134+00:00"}}
{"id": "alert_58d6654589e64538ae7377ddfaa0f17d", "kind": "api_stopped", "ts": "2026-10-05T09:36:26.512815+00:00", "detail": {"last_seen": "2026-10-05T09:36:24.395335+00:00"}}
{"id": "alert_ef09afdec25c46d9aaeab8e76e27877e", "kind": "api_stopped", "ts": "2026-10-05T09:36:31.814579+00:00", "detail": {"last_seen": "2026-10-05T09:36:29.398386+00:00"}}
{"id": "alert_84a8f8ca071c415cb9d23d98d8d38e65", "kind": "api_stopped", "ts": "2026-10-05T09:36:36.628097+00:00", "detail": {"last_seen": "2026-10-05T09:36:34.403993+00:00"}}
{"id": "alert_4a004b8135ec4131bdb2b772e52e9913", "kind": "api_stopped", "ts": "2026-10-05T09:36:41.445793+00:00", "detail": {"last_seen": "2026-10-05T09:36:39.407737+00:00"}}
{"id": "alert_98ee0e75138540d8a19def735502074c", "kind": "api_stopped", "ts": "2026-10-05T09:36:46.708496+00:00", "detail": {"last_seen": "2026-10-05T09:36:44.411502+00:00"}}
{"id": "alert_a6b7b8dcfc354b0c96c9be204da90ae3", "kind": "api_stopped", "ts": "2026-10-05T09:36:51.506676+00:00", "detail": {"last_seen": "2026-10-05T09:36:49.415960+00:00"}}
{"id": "alert_5f73d6d3679e4f3484c50d4425f48b98", "kind": "api_stopped", "ts": "2026-10-05T09:36:56.507691+00:00", "detail": {"last_seen": "2026-10-05T09:36:54.418284+00:00"}}
{"id": "alert_6413ecd8221d40488e015679146147e3", "kind": "api_stopped", "ts": "2026-10-05T09:37:01.539174+00:00", "detail": {"last_seen": "2026-10-05T09:36:59.422676+00:00"}}
{"id": "alert_52d993e496434a43ae9250a038600be7", "kind": "api_stopped", "ts": "2026-10-05T09:37:06.530755+00:00", "detail": {"last_seen": "2026-10-05T09:37:04.428150+00:00"}}
{"id": "alert_c502fa445c984b4ebc594c9edd123c1d", "kind": "api_stopped", "ts": "2026-10-05T09:37:11.927954+00:00", "detail": {"last_seen": "2026-10-05T09:37:09.433531+00:00"}}
{"id": "alert_8ae2a7498f3d4cb3bde3abed06f24487", "kind": "fast_judgment_budget_burn", "ts": "2026-10-05T09:37:16.384065+00:00", "detail": {"burn_rate_1h": 35.71}}
{"id": "alert_9d8402096c884c21a3e3a99f05242e8c", "kind": "api_stopped", "ts": "2026-10-05T09:37:16.900884+00:00", "detail": {"last_seen": "2026-10-05T09:37:14.437771+00:00"}}
{"id": "alert_7093277096954ddeb752d4c4ae4b302d", "kind": "repeated_failures", "ts": "2026-10-05T09:37:17.441044+00:00", "detail": {"count": 18}}
{"id": "alert_1f822b02f8cc44219520671c9e526655", "kind": "repeated_failures", "ts": "2026-10-05T09:37:21.145080+00:00", "detail": {"count": 17}}
{"id": "alert_55e761937c234cdc9efe55f6ab22ded2", "kind": "api_stopped", "ts": "2026-10-05T09:37:21.665043+00:00", "detail": {"last_seen": "2026-10-05T09:37:19.441152+00:00"}}
{"id": "alert_9aa94a2d81224dd7b8c255a942a8c33a", "kind": "repeated_failures", "ts": "2026-10-05T09:37:24.309529+00:00", "detail": {"count": 18}}
{"id": "alert_f396ead19bcb4363942469dcce059f22", "kind": "api_stopped", "ts": "2026-10-05T09:37:26.930020+00:00", "detail": {"last_seen": "2026-10-05T09:37:24.445782+00:00"}}
{"id": "alert_6bcf132b2b96447cbaf9969a52f1805c", "kind": "worker_stopped", "ts": "2026-10-05T09:37:29.052687+00:00", "detail": {"last_seen": "2026-10-05T09:37:27.035026+00:00"}}
{"id": "alert_7644b860964245c9b90d30cd835b43ce", "kind": "api_stopped", "ts": "2026-10-05T09:37:31.717941+00:00", "detail": {"last_seen": "2026-10-05T09:37:29.451216+00:00"}}
{"id": "alert_f64c527e42ff419e9c2988ac692b95bc", "kind": "worker_stopped", "ts": "2026-10-05T09:37:34.627958+00:00", "detail": {"last_seen": "2026-10-05T09:37:32.308509+00:00"}}
{"id": "alert_f2cac64a4c0d4c8baa6e19db53eaaacf", "kind": "repeated_failures", "ts": "2026-10-05T09:37:35.696845+00:00", "detail": {"count": 19}}
{"id": "alert_333c9c9ddee14509ac92132732893f39", "kind": "api_stopped", "ts": "2026-10-05T09:37:36.746063+00:00", "detail": {"last_seen": "2026-10-05T09:37:34.453239+00:00"}}
{"id": "alert_eb198393507d4a7781eeb17722bf5b41", "kind": "api_stopped", "ts": "2026-10-05T09:37:41.520232+00:00", "detail": {"last_seen": "2026-10-05T09:37:39.457027+00:00"}}
{"id": "alert_28c5110ba2724d489cc2c21ec8f17354", "kind": "worker_stopped", "ts": "2026-10-05T09:37:42.042065+00:00", "detail": {"last_seen": "2026-10-05T09:37:39.922410+00:00"}}
{"id": "alert_bc2e267e371c495f81cc2a22a2415237", "kind": "repeated_failures", "ts": "2026-10-05T09:37:42.634892+00:00", "detail": {"count": 18}}
{"id": "alert_3fd523d832b7479d8ad9fa26e9ba6ae7", "kind": "repeated_failures", "ts": "2026-10-05T09:37:44.219899+00:00", "detail": {"count": 17}}
