
> jevtriage-frontend@0.1.0 build
> tsc -b && vite build

(!) Your Vite config uses features that are unsupported by `configLoader: 'native'`, which is planned to become the default in a future major version of Vite:
  - import "./vite.warmup" without a file extension (vite.config.ts:3:35). Add the file extension
Set `VITE_CONFIG_NATIVE_IGNORE_WARNING=true` to suppress this warning.
vite v8.3.2 building client environment for production...
transforming...
✓ 243 modules transformed.
rendering chunks...
computing gzip size...
dist/index.html                                            0.83 kB │ gzip:  0.39 kB
dist/assets/PretendardVariable.subset.73-DMrK970F.woff2   18.33 kB
dist/assets/PretendardVariable.subset.72-pYYGrEQR.woff2   19.50 kB
dist/assets/PretendardVariable.subset.75-CxKdrRNf.woff2   19.99 kB
dist/assets/PretendardVariable.subset.90-BF7RiZjm.woff2   20.85 kB
dist/assets/PretendardVariable.subset.89-DOzqWPpX.woff2   21.86 kB
dist/assets/PretendardVariable.subset.74-D4tQnymK.woff2   22.39 kB
dist/assets/PretendardVariable.subset.84-Brb8EsYQ.woff2   24.49 kB
dist/assets/PretendardVariable.subset.87-Lzui2vbK.woff2   24.66 kB
dist/assets/PretendardVariable.subset.76-DhPm2b_q.woff2   24.92 kB
dist/assets/PretendardVariable.subset.85-Byo_x2hf.woff2   25.10 kB
dist/assets/PretendardVariable.subset.88-CqX6JSgh.woff2   25.64 kB
dist/assets/PretendardVariable.subset.86-XG7lTN_6.woff2   25.71 kB
dist/assets/PretendardVariable.subset.77-DwaxqOC8.woff2   26.04 kB
dist/assets/PretendardVariable.subset.79-XpoyPP38.woff2   26.22 kB
dist/assets/PretendardVariable.subset.81-BZzF9Hb3.woff2   26.30 kB
dist/assets/PretendardVariable.subset.82-BgAHe30u.woff2   26.50 kB
dist/assets/PretendardVariable.subset.78-DhqRbBzT.woff2   26.54 kB
dist/assets/PretendardVariable.subset.83-DF-zBLLe.woff2   26.96 kB
dist/assets/PretendardVariable.subset.70-BUXiAGMT.woff2   27.54 kB
dist/assets/PretendardVariable.subset.71-DuPZj8us.woff2   28.32 kB
dist/assets/PretendardVariable.subset.80-DsV9Qp_h.woff2   28.79 kB
dist/assets/PretendardVariable.subset.0-BHUkWNFR.woff2    34.56 kB
dist/assets/PretendardVariable.subset.69-YT16ymcp.woff2   34.78 kB
dist/assets/PretendardVariable.subset.48-Ct-fWrPO.woff2   37.77 kB
dist/assets/PretendardVariable.subset.91-Csm0YNoH.woff2   37.99 kB
dist/assets/Tasks-4aC7H42K.css                             2.36 kB │ gzip:  0.85 kB
dist/assets/Review-DOumSwZb.css                            4.08 kB │ gzip:  1.09 kB
dist/assets/Monitoring-DvgfssVU.css                        4.83 kB │ gzip:  1.34 kB
dist/assets/Policy-DmqjSd4k.css                            4.93 kB │ gzip:  1.23 kB
dist/assets/Observatory-OahvOhPh.css                       5.52 kB │ gzip:  1.57 kB
dist/assets/fields-CMPi8Bsg.css                            6.53 kB │ gzip:  1.70 kB
dist/assets/learning-BJc44-Dh.css                          7.43 kB │ gzip:  1.62 kB
dist/assets/Evaluation-B7Od8IlM.css                        8.49 kB │ gzip:  2.14 kB
dist/assets/JudgmentMap-BiqqigBH.css                      15.42 kB │ gzip:  3.57 kB
dist/assets/index-BQjwarYs.css                            62.55 kB │ gzip: 16.90 kB
dist/assets/format-BAleFe2H.js                             0.26 kB │ gzip:  0.22 kB
dist/assets/graph-BDQg4oUF.js                              0.47 kB │ gzip:  0.33 kB
dist/assets/policy-JXcpoy10.js                             0.55 kB │ gzip:  0.26 kB
dist/assets/Tasks-y2OrurPd.js                              6.02 kB │ gzip:  2.37 kB
dist/assets/learning-R7P_Jfrh.js                           6.59 kB │ gzip:  2.90 kB
dist/assets/client-l_LVMu19.js                             6.78 kB │ gzip:  2.87 kB
dist/assets/fields-DQd8DXmC.js                             7.73 kB │ gzip:  2.69 kB
dist/assets/Observatory-CQ9jxQal.js                       12.91 kB │ gzip:  4.86 kB
dist/assets/Monitoring-CNkWRiPo.js                        13.19 kB │ gzip:  4.79 kB
dist/assets/Review-CaIMlBjW.js                            14.91 kB │ gzip:  5.40 kB
dist/assets/Evaluation-CoZYmSb7.js                        15.81 kB │ gzip:  5.47 kB
dist/assets/Policy-DcExFCGr.js                            17.14 kB │ gzip:  6.21 kB
dist/assets/Learning-D5tCkT6x.js                          33.90 kB │ gzip: 10.75 kB
dist/assets/JudgmentMap-Ci95eJbb.js                       72.02 kB │ gzip: 24.84 kB
dist/assets/index-UGv5SJpw.js                            246.29 kB │ gzip: 81.33 kB

✓ built in 928ms
