I001 [*] Import block is un-sorted or un-formatted
 --> tests/unit/test_evaluation_labels.py:1:1
  |
1 | / from jevtriage.auth.core import Principal
2 | | from jevtriage.auth.policy import can
3 | | import pytest
4 | | from fastapi import HTTPException
5 | |
6 | | from jevtriage.evaluation.service import LabelBody, _rows, _validate_labels, consensus_state, progress_summary, visible_candidate
  | |_________________________________________________________________________________________________________________________________^
help: Organize imports
   |
   - from jevtriage.auth.core import Principal
   - from jevtriage.auth.policy import can
1  | import pytest
2  | from fastapi import HTTPException
3  |
   - from jevtriage.evaluation.service import LabelBody, _rows, _validate_labels, consensus_state, progress_summary, visible_candidate
4  + from jevtriage.auth.core import Principal
5  + from jevtriage.auth.policy import can
6  + from jevtriage.evaluation.service import (
7  +     LabelBody,
8  +     _rows,
9  +     _validate_labels,
10 +     consensus_state,
11 +     progress_summary,
12 +     visible_candidate,
13 + )
14 |
   |

Found 1 error.
[*] 1 fixable with the `--fix` option.
