jevtriage-qa-c-neo4j
2026-10-05 09:46:36.620+0000 INFO  [o.n.c.d.DumpCommand] Starting dump of database 'neo4j'

Files: 1/97, data:  0.0%
Files: 1/97, data:  0.0%
Files: 2/97, data:  0.0%
Files: 3/97, data:  0.0%
Files: 4/97, data:  0.1%
Files: 5/97, data:  0.2%
Files: 6/97, data:  0.3%
Files: 7/97, data:  0.4%
Files: 8/97, data:  0.4%
Files: 9/97, data:  0.4%
Files: 10/97, data:  0.4%
Files: 11/97, data:  0.8%
Files: 12/97, data:  0.9%
Files: 13/97, data:  0.9%
Files: 14/97, data:  0.9%
Files: 15/97, data:  0.9%
Files: 16/97, data:  0.9%
Files: 17/97, data:  0.9%
Files: 18/97, data:  0.9%
Files: 19/97, data:  0.9%
Files: 20/97, data:  1.0%
Files: 21/97, data:  1.0%
Files: 22/97, data:  1.0%
Files: 23/97, data:  1.0%
Files: 23/97, data:  1.0%
Files: 24/97, data:  1.1%
Files: 25/97, data:  1.1%
Files: 26/97, data:  1.2%
Files: 27/97, data:  1.2%
Files: 28/97, data:  1.2%
Files: 29/97, data:  1.2%
Files: 30/97, data:  1.3%
Files: 31/97, data:  1.3%
Files: 32/97, data:  1.3%
Files: 33/97, data:  1.3%
Files: 34/97, data:  1.3%
Files: 35/97, data:  1.3%
Files: 36/97, data:  1.4%
Files: 37/97, data:  1.4%
Files: 38/97, data:  1.4%
Files: 39/97, data:  1.4%
Files: 40/97, data:  1.5%
Files: 41/97, data:  1.5%
Files: 42/97, data:  1.5%
Files: 43/97, data:  1.6%
Files: 44/97, data:  1.6%
Files: 45/97, data:  1.6%
Files: 46/97, data:  1.6%
Files: 47/97, data:  1.6%
Files: 48/97, data:  1.7%
Files: 49/97, data:  1.7%
Files: 50/97, data:  1.7%
Files: 51/97, data:  1.7%
Files: 52/97, data:  1.7%
Files: 53/97, data:  1.7%
Files: 54/97, data:  1.8%
Files: 55/97, data:  1.8%
Files: 56/97, data:  1.8%
Files: 57/97, data:  1.9%
Files: 58/97, data:  1.9%
Files: 59/97, data:  2.0%
Files: 59/97, data:  2.2%
Files: 60/97, data:  2.2%
Files: 61/97, data:  2.2%
Files: 62/97, data:  2.2%
Files: 63/97, data:  2.2%
Files: 64/97, data:  2.3%
Files: 65/97, data:  2.3%
Files: 66/97, data:  2.3%
Files: 67/97, data:  2.3%
Files: 68/97, data:  2.3%
Files: 69/97, data:  2.3%
Files: 70/97, data:  2.4%
Files: 71/97, data:  2.4%
Files: 72/97, data:  2.5%
Files: 73/97, data:  2.5%
Files: 74/97, data:  2.5%
Files: 75/97, data:  2.5%
Files: 76/97, data:  2.5%
Files: 77/97, data:  2.6%
Files: 78/97, data:  2.6%
Files: 79/97, data:  2.6%
Files: 80/97, data:  2.6%
Files: 81/97, data:  2.6%
Files: 82/97, data:  2.7%
Files: 83/97, data:  2.7%
Files: 84/97, data:  2.7%
Files: 85/97, data:  2.7%
Files: 86/97, data:  2.7%
Files: 87/97, data:  2.7%
Files: 88/97, data:  2.7%
Files: 89/97, data:  2.8%
Files: 90/97, data:  2.8%
Files: 91/97, data:  2.8%
Files: 92/97, data:  2.8%
Files: 93/97, data:  2.9%
Files: 94/97, data:  2.9%
Files: 95/97, data:  2.9%
Files: 96/97, data:  3.0%
Files: 96/97, data:  3.3%
Files: 97/97, data:  4.0%
Files: 97/97, data:  5.0%
Files: 97/97, data:  6.0%
Files: 97/97, data:  7.0%
Files: 97/97, data:  8.0%
Files: 97/97, data:  9.0%
Files: 97/97, data: 10.0%
Files: 97/97, data: 11.0%
Files: 97/97, data: 12.0%
Files: 97/97, data: 13.0%
Files: 97/97, data: 14.0%
Files: 97/97, data: 15.0%
Files: 97/97, data: 16.0%
Files: 97/97, data: 17.0%
Files: 97/97, data: 18.0%
Files: 97/97, data: 19.0%
Files: 97/97, data: 20.0%
Files: 97/97, data: 21.0%
Files: 97/97, data: 22.0%
Files: 97/97, data: 23.0%
Files: 97/97, data: 24.0%
Files: 97/97, data: 25.0%
Files: 97/97, data: 26.0%
Files: 97/97, data: 27.0%
Files: 97/97, data: 28.0%
Files: 97/97, data: 29.0%
Files: 97/97, data: 30.0%
Files: 97/97, data: 31.0%
Files: 97/97, data: 32.0%
Files: 97/97, data: 33.0%
Files: 97/97, data: 34.0%
Files: 97/97, data: 35.0%
Files: 97/97, data: 36.0%
Files: 97/97, data: 37.0%
Files: 97/97, data: 38.0%
Files: 97/97, data: 39.0%
Files: 97/97, data: 40.0%
Files: 97/97, data: 41.0%
Files: 97/97, data: 42.0%
Files: 97/97, data: 43.0%
Files: 97/97, data: 44.0%
Files: 97/97, data: 45.0%
Files: 97/97, data: 46.0%
Files: 97/97, data: 47.0%
Files: 97/97, data: 48.0%
Files: 97/97, data: 49.0%
Files: 97/97, data: 50.0%
Files: 97/97, data: 51.0%
Files: 97/97, data: 52.0%
Files: 97/97, data: 53.0%
Files: 97/97, data: 54.0%
Files: 97/97, data: 55.0%
Files: 97/97, data: 56.0%
Files: 97/97, data: 57.0%
Files: 97/97, data: 58.0%
Files: 97/97, data: 59.0%
Files: 97/97, data: 60.0%
Files: 97/97, data: 61.0%
Files: 97/97, data: 62.0%
Files: 97/97, data: 63.0%
Files: 97/97, data: 64.0%
Files: 97/97, data: 65.0%
Files: 97/97, data: 66.0%
Files: 97/97, data: 67.0%
Files: 97/97, data: 68.0%
Files: 97/97, data: 69.0%
Files: 97/97, data: 70.0%
Files: 97/97, data: 71.0%
Files: 97/97, data: 72.0%
Files: 97/97, data: 73.0%
Files: 97/97, data: 74.0%
Files: 97/97, data: 75.0%
Files: 97/97, data: 76.0%
Files: 97/97, data: 77.0%
Files: 97/97, data: 78.0%
Files: 97/97, data: 79.0%
Files: 97/97, data: 80.0%
Files: 97/97, data: 81.0%
Files: 97/97, data: 82.0%
Files: 97/97, data: 83.0%
Files: 97/97, data: 84.0%
Files: 97/97, data: 85.0%
Files: 97/97, data: 86.0%
Files: 97/97, data: 87.0%
Files: 97/97, data: 88.0%
Files: 97/97, data: 89.0%
Files: 97/97, data: 90.0%
Files: 97/97, data: 91.0%
Files: 97/97, data: 92.0%
Files: 97/97, data: 93.0%
Files: 97/97, data: 94.0%
Files: 97/97, data: 95.0%
Files: 97/97, data: 96.0%
Files: 97/97, data: 97.0%
Files: 97/97, data: 98.0%
Files: 97/97, data: 99.0%
Files: 97/97, data: 100.0%
Files: 97/97, data: 100.0%
Done: 97 files, 264.6MiB processed in 2.036 seconds.
2026-10-05 09:46:40.745+0000 INFO  [o.n.c.d.DumpCommand] Dump completed successfully

Files: 1/97, data:  0.0%
Files: 1/97, data:  0.0%
Files: 2/97, data:  0.0%
Files: 3/97, data:  0.0%
Files: 4/97, data:  0.1%
Files: 5/97, data:  0.2%
Files: 6/97, data:  0.3%
Files: 7/97, data:  0.4%
Files: 8/97, data:  0.4%
Files: 9/97, data:  0.4%
Files: 10/97, data:  0.4%
Files: 11/97, data:  0.8%
Files: 12/97, data:  0.9%
Files: 13/97, data:  0.9%
Files: 14/97, data:  0.9%
Files: 15/97, data:  0.9%
Files: 16/97, data:  0.9%
Files: 17/97, data:  0.9%
Files: 18/97, data:  0.9%
Files: 19/97, data:  0.9%
Files: 20/97, data:  1.0%
Files: 21/97, data:  1.0%
Files: 22/97, data:  1.0%
Files: 23/97, data:  1.0%
Files: 23/97, data:  1.0%
Files: 24/97, data:  1.1%
Files: 25/97, data:  1.1%
Files: 26/97, data:  1.2%
Files: 27/97, data:  1.2%
Files: 28/97, data:  1.2%
Files: 29/97, data:  1.2%
Files: 30/97, data:  1.3%
Files: 31/97, data:  1.3%
Files: 32/97, data:  1.3%
Files: 33/97, data:  1.3%
Files: 34/97, data:  1.3%
Files: 35/97, data:  1.3%
Files: 36/97, data:  1.4%
Files: 37/97, data:  1.4%
Files: 38/97, data:  1.4%
Files: 39/97, data:  1.4%
Files: 40/97, data:  1.5%
Files: 41/97, data:  1.5%
Files: 42/97, data:  1.5%
Files: 43/97, data:  1.6%
Files: 44/97, data:  1.6%
Files: 45/97, data:  1.6%
Files: 46/97, data:  1.6%
Files: 47/97, data:  1.6%
Files: 48/97, data:  1.7%
Files: 49/97, data:  1.7%
Files: 50/97, data:  1.7%
Files: 51/97, data:  1.7%
Files: 52/97, data:  1.7%
Files: 53/97, data:  1.7%
Files: 54/97, data:  1.8%
Files: 55/97, data:  1.8%
Files: 56/97, data:  1.8%
Files: 57/97, data:  1.9%
Files: 58/97, data:  1.9%
Files: 59/97, data:  2.0%
Files: 59/97, data:  2.2%
Files: 60/97, data:  2.2%
Files: 61/97, data:  2.2%
Files: 62/97, data:  2.2%
Files: 63/97, data:  2.2%
Files: 64/97, data:  2.3%
Files: 65/97, data:  2.3%
Files: 66/97, data:  2.3%
Files: 67/97, data:  2.3%
Files: 68/97, data:  2.3%
Files: 69/97, data:  2.3%
Files: 70/97, data:  2.4%
Files: 71/97, data:  2.4%
Files: 72/97, data:  2.5%
Files: 73/97, data:  2.5%
Files: 74/97, data:  2.5%
Files: 75/97, data:  2.5%
Files: 76/97, data:  2.5%
Files: 77/97, data:  2.6%
Files: 78/97, data:  2.6%
Files: 79/97, data:  2.6%
Files: 80/97, data:  2.6%
Files: 81/97, data:  2.6%
Files: 82/97, data:  2.7%
Files: 83/97, data:  2.7%
Files: 84/97, data:  2.7%
Files: 85/97, data:  2.7%
Files: 86/97, data:  2.7%
Files: 87/97, data:  2.7%
Files: 88/97, data:  2.7%
Files: 89/97, data:  2.8%
Files: 90/97, data:  2.8%
Files: 91/97, data:  2.8%
Files: 92/97, data:  2.8%
Files: 93/97, data:  2.9%
Files: 94/97, data:  2.9%
Files: 95/97, data:  2.9%
Files: 96/97, data:  3.0%
Files: 96/97, data:  3.3%
Files: 97/97, data:  4.0%
Files: 97/97, data:  5.0%
Files: 97/97, data:  6.0%
Files: 97/97, data:  7.0%
Files: 97/97, data:  8.0%
Files: 97/97, data:  9.0%
Files: 97/97, data: 10.0%
Files: 97/97, data: 11.0%
Files: 97/97, data: 12.0%
Files: 97/97, data: 13.0%
Files: 97/97, data: 14.0%
Files: 97/97, data: 15.0%
Files: 97/97, data: 16.0%
Files: 97/97, data: 17.0%
Files: 97/97, data: 18.0%
Files: 97/97, data: 19.0%
Files: 97/97, data: 20.0%
Files: 97/97, data: 21.0%
Files: 97/97, data: 22.0%
Files: 97/97, data: 23.0%
Files: 97/97, data: 24.0%
Files: 97/97, data: 25.0%
Files: 97/97, data: 26.0%
Files: 97/97, data: 27.0%
Files: 97/97, data: 28.0%
Files: 97/97, data: 29.0%
Files: 97/97, data: 30.0%
Files: 97/97, data: 31.0%
Files: 97/97, data: 32.0%
Files: 97/97, data: 33.0%
Files: 97/97, data: 34.0%
Files: 97/97, data: 35.0%
Files: 97/97, data: 36.0%
Files: 97/97, data: 37.0%
Files: 97/97, data: 38.0%
Files: 97/97, data: 39.0%
Files: 97/97, data: 40.0%
Files: 97/97, data: 41.0%
Files: 97/97, data: 42.0%
Files: 97/97, data: 43.0%
Files: 97/97, data: 44.0%
Files: 97/97, data: 45.0%
Files: 97/97, data: 46.0%
Files: 97/97, data: 47.0%
Files: 97/97, data: 48.0%
Files: 97/97, data: 49.0%
Files: 97/97, data: 50.0%
Files: 97/97, data: 51.0%
Files: 97/97, data: 52.0%
Files: 97/97, data: 53.0%
Files: 97/97, data: 54.0%
Files: 97/97, data: 55.0%
Files: 97/97, data: 56.0%
Files: 97/97, data: 57.0%
Files: 97/97, data: 58.0%
Files: 97/97, data: 59.0%
Files: 97/97, data: 60.0%
Files: 97/97, data: 61.0%
Files: 97/97, data: 62.0%
Files: 97/97, data: 63.0%
Files: 97/97, data: 64.0%
Files: 97/97, data: 65.0%
Files: 97/97, data: 66.0%
Files: 97/97, data: 67.0%
Files: 97/97, data: 68.0%
Files: 97/97, data: 69.0%
Files: 97/97, data: 70.0%
Files: 97/97, data: 71.0%
Files: 97/97, data: 72.0%
Files: 97/97, data: 73.0%
Files: 97/97, data: 74.0%
Files: 97/97, data: 75.0%
Files: 97/97, data: 76.0%
Files: 97/97, data: 77.0%
Files: 97/97, data: 78.0%
Files: 97/97, data: 79.0%
Files: 97/97, data: 80.0%
Files: 97/97, data: 81.0%
Files: 97/97, data: 82.0%
Files: 97/97, data: 83.0%
Files: 97/97, data: 84.0%
Files: 97/97, data: 85.0%
Files: 97/97, data: 86.0%
Files: 97/97, data: 87.0%
Files: 97/97, data: 88.0%
Files: 97/97, data: 89.0%
Files: 97/97, data: 90.0%
Files: 97/97, data: 91.0%
Files: 97/97, data: 92.0%
Files: 97/97, data: 93.0%
Files: 97/97, data: 94.0%
Files: 97/97, data: 95.0%
Files: 97/97, data: 96.0%
Files: 97/97, data: 97.0%
Files: 97/97, data: 98.0%
Files: 97/97, data: 99.0%
Files: 97/97, data: 100.0%
Files: 97/97, data: 100.0%
Done: 97 files, 264.6MiB processed in 1.640 seconds.
901e5fd0aa1027c44c59014c1f45d50c27f75c6c3e7d9f7d193b5f820dce8ba8
