
Running 20 tests using 1 worker

(node:41769) Warning: The 'NO_COLOR' env is ignored due to the 'FORCE_COLOR' env being set.
(Use `node --trace-warnings ...` to show where the warning was created)
(node:41769) Warning: The 'NO_COLOR' env is ignored due to the 'FORCE_COLOR' env being set.
(Use `node --trace-warnings ...` to show where the warning was created)
  ✓   1 [chromium] › e2e/acceptance/scenarios.spec.ts:63:1 › S1 general technical request: UI result equals stored judgment (6.8s)
  ✓   2 [chromium] › e2e/acceptance/scenarios.spec.ts:77:1 › S2 mixed request: reviewer approves in UI; stored tasks, lead/collab and predecessors show in 업무 (11.8s)
  ✓   3 [chromium] › e2e/acceptance/scenarios.spec.ts:103:1 › S3 urgent request: reasons, review and priority on screen (16.3s)
  ✘   4 [chromium] › e2e/acceptance/scenarios.spec.ts:130:1 › S4 insufficient information: reasons shown, request-info keeps everything unexecuted (21.9s)
  -   5 [chromium] › e2e/acceptance/scenarios.spec.ts:155:1 › S5 documents: PDF+DOCX+MD plus a damaged file; explicit exclusion; per-file evidence
  -   6 [chromium] › e2e/acceptance/scenarios.spec.ts:182:1 › S6 human intervention: modify-approve preserves original; reject and request-info are separate
  -   7 [chromium] › e2e/acceptance/scenarios.spec.ts:219:1 › S7 re-analysis from the UI: previous/new runs distinguished, no duplicate tasks
  -   8 [chromium] › e2e/acceptance/scenarios.spec.ts:240:1 › S8 observe and replay: success, waiting-for-review and failed runs; Play changes nothing
  -   9 [chromium] › e2e/acceptance/scenarios.spec.ts:272:1 › S9 script/HTML in a document is shown as inert text (no dialog, no execution) for requester and reviewer
  -  10 [chromium] › e2e/acceptance/scenarios.spec.ts:292:1 › G10 WebMCP product tools: unauthorised IDs return API 404 through the tool handlers; unsupported browsers still work
(node:45451) Warning: The 'NO_COLOR' env is ignored due to the 'FORCE_COLOR' env being set.
(Use `node --trace-warnings ...` to show where the warning was created)
(node:45451) Warning: The 'NO_COLOR' env is ignored due to the 'FORCE_COLOR' env being set.
(Use `node --trace-warnings ...` to show where the warning was created)
  ✓  11 [webkit] › e2e/acceptance/scenarios.spec.ts:63:1 › S1 general technical request: UI result equals stored judgment (18.0s)
  ✓  12 [webkit] › e2e/acceptance/scenarios.spec.ts:77:1 › S2 mixed request: reviewer approves in UI; stored tasks, lead/collab and predecessors show in 업무 (19.2s)
  ✓  13 [webkit] › e2e/acceptance/scenarios.spec.ts:103:1 › S3 urgent request: reasons, review and priority on screen (30.8s)
  ✘  14 [webkit] › e2e/acceptance/scenarios.spec.ts:130:1 › S4 insufficient information: reasons shown, request-info keeps everything unexecuted (30.2s)
  -  15 [webkit] › e2e/acceptance/scenarios.spec.ts:155:1 › S5 documents: PDF+DOCX+MD plus a damaged file; explicit exclusion; per-file evidence
  -  16 [webkit] › e2e/acceptance/scenarios.spec.ts:182:1 › S6 human intervention: modify-approve preserves original; reject and request-info are separate
  -  17 [webkit] › e2e/acceptance/scenarios.spec.ts:219:1 › S7 re-analysis from the UI: previous/new runs distinguished, no duplicate tasks
  -  18 [webkit] › e2e/acceptance/scenarios.spec.ts:240:1 › S8 observe and replay: success, waiting-for-review and failed runs; Play changes nothing
  -  19 [webkit] › e2e/acceptance/scenarios.spec.ts:272:1 › S9 script/HTML in a document is shown as inert text (no dialog, no execution) for requester and reviewer
  -  20 [webkit] › e2e/acceptance/scenarios.spec.ts:292:1 › G10 WebMCP product tools: unauthorised IDs return API 404 through the tool handlers; unsupported browsers still work


  1) [chromium] › e2e/acceptance/scenarios.spec.ts:130:1 › S4 insufficient information: reasons shown, request-info keeps everything unexecuted 

    Error: expect(locator).toContainText(expected) failed

    Locator: locator('main')
    Expected substring: "보완 필요"
    Received string:    "새 요청내 요청 대화오늘고객 개인 데이터를 외부 시스템과 연동해 자동 분석하고 싶은데, 어떤 데이터가 있는지, 접근 권한과 승인이 req_6336req_6336976af369443e8ba2497e16c67b64사내 공지사항 게시판의 글꼴 크기를 조금 키워 주세요.req_3f23req_3f23c74091ff4278a408618cff1b590e오늘 오후 6시까지 마감해야 하는 월말 정산 시스템이 멈춰서 전 부서 업무가 중단됐습니다.req_ccb7req_ccb720fa4ed2420ea964716dfd8a55e9고객 문의 메일을 자동 분류하고 답변 초안을 생성하는 생성형 AI 기능이 필요합니다.req_983breq_983b5b2ab7eb4095b7f786b3b49c2214SAP에서 내려받은 매출 CSV를 월별로 집계해 화면에 보여 주세요.req_d9c3req_d9c351c6d1614e6394f72d4976c43364고객 문의 분류에 챗봇을 도입하고 싶습니다.req_ddf4req_ddf47721e79a468d86e8b62f6fc05a73회의실 예약 조회 기능을 만들고 싶습니다.req_ecefreq_ecef781bc74241fdbb928ae2abea5653고객 문의 분류에 챗봇을 도입하고 싶습니다.req_611freq_611f38b843554236b2b0d31771dec9f6F4 목록 갱신 확인 1791179824346: 회의실 예약 안내 문서를 정리하고 싶습니다.req_5ab9req_5ab9679c3d0c4a98bf001dc9f38a8cf9고객 개인 데이터를 외부 시스템과 연동해 자동 분석하고 싶은데, 어떤 데이터가 있는지, 접근 권한과 승인이 req_ac80req_ac80665db48b4c08ab31bab651cddb4f사내 공지사항 게시판의 글꼴 크기를 조금 키워 주세요.req_dc9dreq_dc9d668d7452451bbd73becf6b59c476오늘 오후 6시까지 마감해야 하는 월말 정산 시스템이 멈춰서 전 부서 업무가 중단됐습니다.req_7ad7req_7ad711e087f846aaa24ca99636a8278d분기별 시설 점검 일정을 검색하고 담당자별로 확인하고 싶습니다.req_5fbdreq_5fbd089f32ff4ce7a23300a24b72a54d고객 문의 메일을 자동 분류하고 답변 초안을 생성하는 생성형 AI 기능이 필요합니다.req_4064req_4064594622ed470d939644423bad87b9사내 회의실 예약 현황을 한곳에서 조회할 수 있는 화면이 필요합니다.req_edeereq_edee6eca06ca4a7ea7b3a8ab3270226cSAP에서 내려받은 매출 CSV를 월별로 집계해 화면에 보여 주세요.req_8ad1req_8ad15635fd8c41769b82c51e56d1bcbe사내 회의실 예약 현황을 부서별로 조회하고 예약 가능 시간을 확인하는 화면이 필요합니다.req_9953req_995324a4301b468a990cb4933fa3d170사내 회의실 예약 현황을 부서별로 조회하고 예약 가능 시간을 확인하는 화면이 필요합니다.req_99e9req_99e938ae5d9540b0b3801651a90c791c사내 회의실 예약 현황을 부서별로 조회하고 예약 가능 시간을 확인하는 화면이 필요합니다.req_18cbreq_18cb17d3fd11445dbc3203c559916d52사내 회의실 예약 현황을 부서별로 조회하고 예약 가능 시간을 확인하는 화면이 필요합니다.req_c493req_c4938773a7e3488caa830a13a7529b45임상시험 이상반응 보고서를 자동으로 분류하고 안전성 담당자에게 전달하는 기능이 필요합니다.req_56b1req_56b14f23da7649a090a2d5866aab6f5d사내 도서 대여 현황을 한눈에 볼 수 있는 화면이 필요합니다.req_58e3req_58e36f7b79a2482aac8b539f41f59830사내 공지사항 게시판의 글꼴 크기를 조금 키워 주세요.req_777freq_777f0f2437c24580ab51f781056726ce오늘 오후 6시까지 마감해야 하는 월말 정산 시스템이 멈춰서 전 부서 업무가 중단됐습니다.req_911freq_911f504089f94f9abb2442ae5ccd9a25고객 문의 메일을 자동 분류하고 답변 초안을 생성하는 생성형 AI 기능이 필요합니다.req_6214req_62148e62439d445d95eb8feb14de7d93SAP에서 내려받은 매출 CSV를 월별로 집계해 화면에 보여 주세요.req_3064req_3064017959c44127ac89beea9c5c443d사내 휴게실 예약 알림 기능을 추가해 주세요.req_229creq_229cb67355004934b734d0f07d8cbf29분기별 시설 점검 일정을 검색하고 담당자별로 확인하고 싶습니다.req_faa3req_faa329972c0f477b9b2da0f177c1a8c8사내 회의실 예약 현황을 한곳에서 조회할 수 있는 화면이 필요합니다.req_b024req_b024d3beb2fc4628bb89c2040118ef60회의실 사용 현황을 월별로 요약하고 중복 예약을 검토해 주세요.req_c413req_c413b9e4b9c04bf98963dbc7581a1151키보드 접근성 검증 1791179661984: 임상시험 이상반응 보고를 안전성 담당자가 확인하고 규제 기한 req_fac6req_fac6dd4ca5924223b53a0a1d36483117SAP 매출 CSV를 월별로 집계해 화면에 보여 주세요req_af7ereq_af7e062d2b35403b8388fe900f3f179f고객 문의 분류에 챗봇을 도입하고 싶습니다.req_df89req_df898d2be6dc4cbdb3fb6f9f70dc523c사내 회의실 예약 도구를 도입하려고 합니다.req_8fa9req_8fa97f93603140b5aa1e0de6e81f9969고객 문의 분류에 챗봇을 도입하고 싶습니다.req_7621req_76215e46d7f34f7e8af6057c0157058bSAP에서 내려받은 매출 CSV를 월별로 집계해 화면에 보여 주세요.req_c310req_c310b24e3eb844bfa03287e01f6808cc회의실 예약 조회 기능을 만들고 싶습니다.req_7f5ereq_7f5e179ba21649f386167a7d098aea20고객 문의 분류에 챗봇을 도입하고 싶습니다.req_b3c9req_b3c96151541946e8a978603422c296cbF4 목록 갱신 확인 1791179275240: 회의실 예약 안내 문서를 정리하고 싶습니다.req_d045req_d045250c969f4fea8f887559b61435d2분기별 시설 점검 일정을 검색하고 담당자별로 확인하고 싶습니다.req_dc8ereq_dc8e7106ecf6462aac2ceebbd140784c사내 회의실 예약 현황을 한곳에서 조회할 수 있는 화면이 필요합니다.req_3428req_3428efcb76fa492a80552abe1674f86b사내 회의실 예약 현황을 부서별로 조회하고 예약 가능 시간을 확인하는 화면이 필요합니다.req_9c90req_9c90900fa67d454aaf0b56909e723259사내 회의실 예약 현황을 부서별로 조회하고 예약 가능 시간을 확인하는 화면이 필요합니다.req_09e0req_09e0512e9f3c42e8af527f417f1cd090사내 회의실 예약 현황을 부서별로 조회하고 예약 가능 시간을 확인하는 화면이 필요합니다.req_20cfreq_20cf071b179a4d37a1466d48730fe0c9사내 회의실 예약 현황을 부서별로 조회하고 예약 가능 시간을 확인하는 화면이 필요합니다.req_1a3ereq_1a3ef6fe68a244dba9de3eebe54858f8사내 회의실 예약 현황을 부서별로 조회하고 예약 가능 시간을 확인하는 화면이 필요합니다.req_d043req_d0436b0dbc3147c3bc2f7984d4102678분기별 시설 점검 일정을 검색하고 담당자별로 확인하고 싶습니다.req_f158req_f15897be040e428faad85b88808ccac5사내 회의실 예약 현황을 한곳에서 조회할 수 있는 화면이 필요합니다.req_2395req_2395dcef762e4bdb95ab4f4e021015d8레이아웃 스크롤 표본 26t-e2e-alt-e2e-all-1005-layout-26레이아웃 스크롤 표본 25t-e2e-alt-e2e-all-1005-layout-25일동이와 요청 접수안녕하세요, 일동이예요무엇을 도와드릴까요? 업무 요청을 적거나 문서를 올려 주세요.AI·일반 개발·사람이 맡을 일을 나눠 드려요.요청 내용PDF · DOCX · MD, 최대 5개 · 파일당 10 MiB · 합계 25 MiB · Enter로 보내기 · Shift + Enter로 줄바꿈이렇게 요청해 보세요SAP 매출 CSV를 월별로 집계해 화면에 보여 주세요병원별 판매량으로 다음 달 수요를 예측하고 싶어요출하 지시가 멈췄어요. 오늘 마감이에요"
    Timeout: 5000ms

    Call log:
      - Expect "toContainText" locator('main') with timeout 5000ms
      - waiting for locator('main')
        3 × locator resolved to <main>…</main>
          - unexpected value "새 요청내 요청 대화접수한 요청이 여기에 표시됩니다.일동이와 요청 접수안녕하세요, 일동이예요무엇을 도와드릴까요? 업무 요청을 적거나 문서를 올려 주세요.AI·일반 개발·사람이 맡을 일을 나눠 드려요.요청 내용PDF · DOCX · MD, 최대 5개 · 파일당 10 MiB · 합계 25 MiB · Enter로 보내기 · Shift + Enter로 줄바꿈이렇게 요청해 보세요SAP 매출 CSV를 월별로 집계해 화면에 보여 주세요병원별 판매량으로 다음 달 수요를 예측하고 싶어요출하 지시가 멈췄어요. 오늘 마감이에요"
        11 × locator resolved to <main>…</main>
           - unexpected value "새 요청내 요청 대화오늘고객 개인 데이터를 외부 시스템과 연동해 자동 분석하고 싶은데, 어떤 데이터가 있는지, 접근 권한과 승인이 req_6336req_6336976af369443e8ba2497e16c67b64사내 공지사항 게시판의 글꼴 크기를 조금 키워 주세요.req_3f23req_3f23c74091ff4278a408618cff1b590e오늘 오후 6시까지 마감해야 하는 월말 정산 시스템이 멈춰서 전 부서 업무가 중단됐습니다.req_ccb7req_ccb720fa4ed2420ea964716dfd8a55e9고객 문의 메일을 자동 분류하고 답변 초안을 생성하는 생성형 AI 기능이 필요합니다.req_983breq_983b5b2ab7eb4095b7f786b3b49c2214SAP에서 내려받은 매출 CSV를 월별로 집계해 화면에 보여 주세요.req_d9c3req_d9c351c6d1614e6394f72d4976c43364고객 문의 분류에 챗봇을 도입하고 싶습니다.req_ddf4req_ddf47721e79a468d86e8b62f6fc05a73회의실 예약 조회 기능을 만들고 싶습니다.req_ecefreq_ecef781bc74241fdbb928ae2abea5653고객 문의 분류에 챗봇을 도입하고 싶습니다.req_611freq_611f38b843554236b2b0d31771dec9f6F4 목록 갱신 확인 1791179824346: 회의실 예약 안내 문서를 정리하고 싶습니다.req_5ab9req_5ab9679c3d0c4a98bf001dc9f38a8cf9고객 개인 데이터를 외부 시스템과 연동해 자동 분석하고 싶은데, 어떤 데이터가 있는지, 접근 권한과 승인이 req_ac80req_ac80665db48b4c08ab31bab651cddb4f사내 공지사항 게시판의 글꼴 크기를 조금 키워 주세요.req_dc9dreq_dc9d668d7452451bbd73becf6b59c476오늘 오후 6시까지 마감해야 하는 월말 정산 시스템이 멈춰서 전 부서 업무가 중단됐습니다.req_7ad7req_7ad711e087f846aaa24ca99636a8278d분기별 시설 점검 일정을 검색하고 담당자별로 확인하고 싶습니다.req_5fbdreq_5fbd089f32ff4ce7a23300a24b72a54d고객 문의 메일을 자동 분류하고 답변 초안을 생성하는 생성형 AI 기능이 필요합니다.req_4064req_4064594622ed470d939644423bad87b9사내 회의실 예약 현황을 한곳에서 조회할 수 있는 화면이 필요합니다.req_edeereq_edee6eca06ca4a7ea7b3a8ab3270226cSAP에서 내려받은 매출 CSV를 월별로 집계해 화면에 보여 주세요.req_8ad1req_8ad15635fd8c41769b82c51e56d1bcbe사내 회의실 예약 현황을 부서별로 조회하고 예약 가능 시간을 확인하는 화면이 필요합니다.req_9953req_995324a4301b468a990cb4933fa3d170사내 회의실 예약 현황을 부서별로 조회하고 예약 가능 시간을 확인하는 화면이 필요합니다.req_99e9req_99e938ae5d9540b0b3801651a90c791c사내 회의실 예약 현황을 부서별로 조회하고 예약 가능 시간을 확인하는 화면이 필요합니다.req_18cbreq_18cb17d3fd11445dbc3203c559916d52사내 회의실 예약 현황을 부서별로 조회하고 예약 가능 시간을 확인하는 화면이 필요합니다.req_c493req_c4938773a7e3488caa830a13a7529b45임상시험 이상반응 보고서를 자동으로 분류하고 안전성 담당자에게 전달하는 기능이 필요합니다.req_56b1req_56b14f23da7649a090a2d5866aab6f5d사내 도서 대여 현황을 한눈에 볼 수 있는 화면이 필요합니다.req_58e3req_58e36f7b79a2482aac8b539f41f59830사내 공지사항 게시판의 글꼴 크기를 조금 키워 주세요.req_777freq_777f0f2437c24580ab51f781056726ce오늘 오후 6시까지 마감해야 하는 월말 정산 시스템이 멈춰서 전 부서 업무가 중단됐습니다.req_911freq_911f504089f94f9abb2442ae5ccd9a25고객 문의 메일을 자동 분류하고 답변 초안을 생성하는 생성형 AI 기능이 필요합니다.req_6214req_62148e62439d445d95eb8feb14de7d93SAP에서 내려받은 매출 CSV를 월별로 집계해 화면에 보여 주세요.req_3064req_3064017959c44127ac89beea9c5c443d사내 휴게실 예약 알림 기능을 추가해 주세요.req_229creq_229cb67355004934b734d0f07d8cbf29분기별 시설 점검 일정을 검색하고 담당자별로 확인하고 싶습니다.req_faa3req_faa329972c0f477b9b2da0f177c1a8c8사내 회의실 예약 현황을 한곳에서 조회할 수 있는 화면이 필요합니다.req_b024req_b024d3beb2fc4628bb89c2040118ef60회의실 사용 현황을 월별로 요약하고 중복 예약을 검토해 주세요.req_c413req_c413b9e4b9c04bf98963dbc7581a1151키보드 접근성 검증 1791179661984: 임상시험 이상반응 보고를 안전성 담당자가 확인하고 규제 기한 req_fac6req_fac6dd4ca5924223b53a0a1d36483117SAP 매출 CSV를 월별로 집계해 화면에 보여 주세요req_af7ereq_af7e062d2b35403b8388fe900f3f179f고객 문의 분류에 챗봇을 도입하고 싶습니다.req_df89req_df898d2be6dc4cbdb3fb6f9f70dc523c사내 회의실 예약 도구를 도입하려고 합니다.req_8fa9req_8fa97f93603140b5aa1e0de6e81f9969고객 문의 분류에 챗봇을 도입하고 싶습니다.req_7621req_76215e46d7f34f7e8af6057c0157058bSAP에서 내려받은 매출 CSV를 월별로 집계해 화면에 보여 주세요.req_c310req_c310b24e3eb844bfa03287e01f6808cc회의실 예약 조회 기능을 만들고 싶습니다.req_7f5ereq_7f5e179ba21649f386167a7d098aea20고객 문의 분류에 챗봇을 도입하고 싶습니다.req_b3c9req_b3c96151541946e8a978603422c296cbF4 목록 갱신 확인 1791179275240: 회의실 예약 안내 문서를 정리하고 싶습니다.req_d045req_d045250c969f4fea8f887559b61435d2분기별 시설 점검 일정을 검색하고 담당자별로 확인하고 싶습니다.req_dc8ereq_dc8e7106ecf6462aac2ceebbd140784c사내 회의실 예약 현황을 한곳에서 조회할 수 있는 화면이 필요합니다.req_3428req_3428efcb76fa492a80552abe1674f86b사내 회의실 예약 현황을 부서별로 조회하고 예약 가능 시간을 확인하는 화면이 필요합니다.req_9c90req_9c90900fa67d454aaf0b56909e723259사내 회의실 예약 현황을 부서별로 조회하고 예약 가능 시간을 확인하는 화면이 필요합니다.req_09e0req_09e0512e9f3c42e8af527f417f1cd090사내 회의실 예약 현황을 부서별로 조회하고 예약 가능 시간을 확인하는 화면이 필요합니다.req_20cfreq_20cf071b179a4d37a1466d48730fe0c9사내 회의실 예약 현황을 부서별로 조회하고 예약 가능 시간을 확인하는 화면이 필요합니다.req_1a3ereq_1a3ef6fe68a244dba9de3eebe54858f8사내 회의실 예약 현황을 부서별로 조회하고 예약 가능 시간을 확인하는 화면이 필요합니다.req_d043req_d0436b0dbc3147c3bc2f7984d4102678분기별 시설 점검 일정을 검색하고 담당자별로 확인하고 싶습니다.req_f158req_f15897be040e428faad85b88808ccac5사내 회의실 예약 현황을 한곳에서 조회할 수 있는 화면이 필요합니다.req_2395req_2395dcef762e4bdb95ab4f4e021015d8레이아웃 스크롤 표본 26t-e2e-alt-e2e-all-1005-layout-26레이아웃 스크롤 표본 25t-e2e-alt-e2e-all-1005-layout-25일동이와 요청 접수안녕하세요, 일동이예요무엇을 도와드릴까요? 업무 요청을 적거나 문서를 올려 주세요.AI·일반 개발·사람이 맡을 일을 나눠 드려요.요청 내용PDF · DOCX · MD, 최대 5개 · 파일당 10 MiB · 합계 25 MiB · Enter로 보내기 · Shift + Enter로 줄바꿈이렇게 요청해 보세요SAP 매출 CSV를 월별로 집계해 화면에 보여 주세요병원별 판매량으로 다음 달 수요를 예측하고 싶어요출하 지시가 멈췄어요. 오늘 마감이에요"


      148 |   expect(d.request.status).toBe('보완 필요');
      149 |   await rq.page.goto('/');
    > 150 |   await expect(rq.page.locator('main')).toContainText('보완 필요');
          |                                         ^
      151 |   await shot(rq.page, 's4-after-request-info');
      152 |   keep('s4', { request_id: s4, status: d.request.status, reasons: j.review_reasons });
      153 | });
        at /Users/psw/Projects/decision-chat-bot/frontend/e2e/acceptance/scenarios.spec.ts:150:41

    Error Context: ../artifacts/review/e2e-all/acceptance-v4-results/acceptance-scenarios-S4-in-6736b-keeps-everything-unexecuted-chromium/error-context.md

    attachment #2: trace (application/zip) ─────────────────────────────────────────────────────────
    ../artifacts/review/e2e-all/acceptance-v4-results/acceptance-scenarios-S4-in-6736b-keeps-everything-unexecuted-chromium/trace.zip
    Usage:

        npx playwright show-trace ../artifacts/review/e2e-all/acceptance-v4-results/acceptance-scenarios-S4-in-6736b-keeps-everything-unexecuted-chromium/trace.zip

    ────────────────────────────────────────────────────────────────────────────────────────────────

  2) [webkit] › e2e/acceptance/scenarios.spec.ts:130:1 › S4 insufficient information: reasons shown, request-info keeps everything unexecuted 

    TimeoutError: locator.click: Timeout 15000ms exceeded.
    Call log:
      - waiting for getByText('req_174ce3b540474d9ba77acc0ed081acab').first()
        - locator resolved to <span class="sr-only">req_174ce3b540474d9ba77acc0ed081acab</span>
      - attempting click action
        2 × waiting for element to be visible, enabled and stable
          - element is visible, enabled and stable
          - scrolling into view if needed
          - done scrolling
          - performing click action
          - <section class="main-page chat-page">…</section> intercepts pointer events
        - retrying click action
        - waiting 20ms
        - waiting for element to be visible, enabled and stable
        - element is visible, enabled and stable
        - scrolling into view if needed
        - done scrolling
        - performing click action
        - <section class="main-page chat-page">…</section> intercepts pointer events
      - retrying click action
        - waiting 100ms
        - waiting for element to be visible, enabled and stable
        - element is not stable
      - retrying click action
        - waiting 100ms
        2 × waiting for element to be visible, enabled and stable
          - element is visible, enabled and stable
          - scrolling into view if needed
          - done scrolling
          - performing click action
          - <section class="main-page chat-page">…</section> intercepts pointer events
        - retrying click action
          - waiting 500ms
        - waiting for element to be visible, enabled and stable
        - element is visible, enabled and stable
        - scrolling into view if needed
        - done scrolling
        - performing click action


      133 |   await pendingReview(rv, s4);
      134 |   await rq.page.goto('/');
    > 135 |   await rq.page.getByText(s4).first().click();
          |                                       ^
      136 |   await expect(finalResult(rq.page)).toBeVisible();
      137 |   await rq.page.getByRole('button', { name: '자세히 보기' }).last().click();
      138 |   await expect(rq.page.getByRole('dialog', { name: '판단 상세' })).toContainText('검토 사유');
        at /Users/psw/Projects/decision-chat-bot/frontend/e2e/acceptance/scenarios.spec.ts:135:39

    Error Context: ../artifacts/review/e2e-all/acceptance-v4-results/acceptance-scenarios-S4-in-6736b-keeps-everything-unexecuted-webkit/error-context.md

    attachment #2: trace (application/zip) ─────────────────────────────────────────────────────────
    ../artifacts/review/e2e-all/acceptance-v4-results/acceptance-scenarios-S4-in-6736b-keeps-everything-unexecuted-webkit/trace.zip
    Usage:

        npx playwright show-trace ../artifacts/review/e2e-all/acceptance-v4-results/acceptance-scenarios-S4-in-6736b-keeps-everything-unexecuted-webkit/trace.zip

    ────────────────────────────────────────────────────────────────────────────────────────────────

  2 failed
    [chromium] › e2e/acceptance/scenarios.spec.ts:130:1 › S4 insufficient information: reasons shown, request-info keeps everything unexecuted 
    [webkit] › e2e/acceptance/scenarios.spec.ts:130:1 › S4 insufficient information: reasons shown, request-info keeps everything unexecuted 
  12 did not run
  6 passed (2.9m)
